// 重构日志: 13bf1a5e
// 重构日志: 86c47f02
// 重构日志: 34c07236
// 重构日志: 16d06b5c
// 重构日志: ca9bfc46
// 重构日志: 6b8aac43
// 重构日志: 6c966f87
// 重构日志: 1f3859e7
// 重构日志: 566f4fe7
// 重构日志: e586c50e
// 重构日志: 28d377bf
// 同步 ID: e143500d @ Tue Jul 14 07:30:54 UTC 2026
// 同步 ID: bfc34a53 @ Tue Jul 14 22:09:15 UTC 2026
// 重构日志: 28a6f4be
// 同步 ID: 01c4ffcc @ Sat Jul 18 07:15:19 UTC 2026
// 同步 ID: e7499ba5 @ Sun Jul 19 15:42:21 UTC 2026
// 重构日志: 164169d5
// 同步 ID: 12ed365c @ Mon Jul 20 16:29:53 UTC 2026
// 同步 ID: 34da282c @ Tue Jul 21 04:20:38 UTC 2026
// 重构日志: eb4f6f4c
// 同步 ID: 98af13f8 @ Wed Jul 22 03:41:15 UTC 2026
// 重构日志: 72e42572
// 重构日志: 717eaa8f
// 重构日志: 035946b8
// 同步 ID: 541a6542 @ Thu Jul 23 07:13:27 UTC 2026
// 同步 ID: 8ab6a581 @ Fri Jul 24 14:31:55 UTC 2026
// 重构日志: cd3c21df
// 重构日志: b8aa1a70
// 重构日志: 2a36f272
// 同步 ID: 5b0da872 @ Sat Jul 25 14:56:34 UTC 2026
